(---------------------------------------------------------------------)
(                                                                     )
(    IPC2581 Export                                                   )
(                                                                     )
(    Software Version : 25.1S030                                      )
(    Date/Time        : Sun Aug 30 15:50:09 2026                      )
(                                                                     )
(---------------------------------------------------------------------)




Collecting net list ...



Collecting package defintions ...



Collecting BOM items ...



Property configuration file: 
IPC2581 file: Tesis_minimum_size_v3
IPC2581 version: IPC2581-B
BRD file: C:/Users/andre/Desktop/Ese_Group18/Orcad_Workspace/workspace/projects/BLE_TH_Sensor/Tesis_minimum_size_v3.brd
IPC2581 units: MILLIMETER
Global package pin1 orientation: OTHER
Default symbol height: 3.81
Export drill information?: YES
Export backdrill information?: NO
Export BOM information?: YES
Export component descriptions?: NO
Export component packages?: YES
Export land patterns?: YES
Export device descriptions?: NO
Export net list?: YES
Export hierarchical layer/stack instance?: NO
Export Outer Copper Layers?: YES
Export Inner Layers?: YES
Export Documentation Layers?: YES
Export Miscellaneous Image Layers?: YES
Export SolderMask/SolderPaste Legend Layers?: YES
Export vector text?: YES
Export cavities?: NO
Export padstack definitions?: NO
Export zip file?: NO
Export Exclude Design Outline ?: NO
a2ipc2581 complete.
