{ Using PSTWRITER 25.1.0 d001Aug-22-2026 at 19:33:55 }

INFO(ORCAP-36108): Starting the Swp file dumping process ...
Loading netlist files ...
Loading... c:\users\andre\desktop\ese_group18\pcb_layout\pstchip.dat

Loading... c:\users\andre\desktop\ese_group18\pcb_layout\pstxprt.dat

Loading... c:\users\andre\desktop\ese_group18\pcb_layout\pstxnet.dat
packaging the design view...Loading physical design view ...Loading... c:\users\andre\desktop\ese_group18\pcb_layout/funcview.dat
Loading... c:\users\andre\desktop\ese_group18\pcb_layout/compview.dat
Loading... c:\users\andre\desktop\ese_group18\pcb_layout/netview.dat
Loading... c:\users\andre\desktop\ese_group18\pcb_layout/pinview.dat
packaging the design view...
Generating the design view difference...
INFO(ORCAP-36103): Analyzing Gate and Pin Swaps ...

Analyzing Refdes Changes ...

Analyzing Instance Property Differences ...

Analyzing Net Property Differences ...

Analyzing Pin Property Differences ...
#1 WARNING(ORCAP-36014): Property "SCH_LOC" on Net "A1.1" is deleted from board.
#2 WARNING(ORCAP-36014): Property "SCH_LOC" on Net "C1.1" is deleted from board.
#3 WARNING(ORCAP-36014): Property "SCH_LOC" on Net "C1.2" is deleted from board.
#4 WARNING(ORCAP-36014): Property "SCH_LOC" on Net "C10.2" is deleted from board.
#5 WARNING(ORCAP-36014): Property "SCH_LOC" on Net "C10.1" is deleted from board.
#6 WARNING(ORCAP-36014): Property "SCH_LOC" on Net "C11.1" is deleted from board.
#7 WARNING(ORCAP-36014): Property "SCH_LOC" on Net "C11.2" is deleted from board.
#8 WARNING(ORCAP-36014): Property "SCH_LOC" on Net "C12.1" is deleted from board.
#9 WARNING(ORCAP-36014): Property "SCH_LOC" on Net "C12.2" is deleted from board.
#10 WARNING(ORCAP-36014): Property "SCH_LOC" on Net "C13.2" is deleted from board.
#11 WARNING(ORCAP-36014): Property "SCH_LOC" on Net "C13.1" is deleted from board.
#12 WARNING(ORCAP-36014): Property "SCH_LOC" on Net "C14.2" is deleted from board.
#13 WARNING(ORCAP-36014): Property "SCH_LOC" on Net "C14.1" is deleted from board.
#14 WARNING(ORCAP-36014): Property "SCH_LOC" on Net "C15.2" is deleted from board.
#15 WARNING(ORCAP-36014): Property "SCH_LOC" on Net "C15.1" is deleted from board.
#16 WARNING(ORCAP-36014): Property "SCH_LOC" on Net "C16.2" is deleted from board.
#17 WARNING(ORCAP-36014): Property "SCH_LOC" on Net "C16.1" is deleted from board.
#18 WARNING(ORCAP-36014): Property "SCH_LOC" on Net "C17.1" is deleted from board.
#19 WARNING(ORCAP-36014): Property "SCH_LOC" on Net "C17.2" is deleted from board.
#20 WARNING(ORCAP-36014): Property "SCH_LOC" on Net "C18.1" is deleted from board.
#21 WARNING(ORCAP-36014): Property "SCH_LOC" on Net "C18.2" is deleted from board.
#22 WARNING(ORCAP-36014): Property "SCH_LOC" on Net "C19.1" is deleted from board.
#23 WARNING(ORCAP-36014): Property "SCH_LOC" on Net "C19.2" is deleted from board.
#24 WARNING(ORCAP-36014): Property "SCH_LOC" on Net "C2.1" is deleted from board.
#25 WARNING(ORCAP-36014): Property "SCH_LOC" on Net "C2.2" is deleted from board.
#26 WARNING(ORCAP-36014): Property "SCH_LOC" on Net "C20.2" is deleted from board.
#27 WARNING(ORCAP-36014): Property "SCH_LOC" on Net "C20.1" is deleted from board.
#28 WARNING(ORCAP-36014): Property "SCH_LOC" on Net "C21.2" is deleted from board.
#29 WARNING(ORCAP-36014): Property "SCH_LOC" on Net "C21.1" is deleted from board.
#30 WARNING(ORCAP-36014): Property "SCH_LOC" on Net "C3.1" is deleted from board.
#31 WARNING(ORCAP-36014): Property "SCH_LOC" on Net "C3.2" is deleted from board.
#32 WARNING(ORCAP-36014): Property "SCH_LOC" on Net "C4.1" is deleted from board.
#33 WARNING(ORCAP-36014): Property "SCH_LOC" on Net "C4.2" is deleted from board.
#34 WARNING(ORCAP-36014): Property "SCH_LOC" on Net "C5.1" is deleted from board.
#35 WARNING(ORCAP-36014): Property "SCH_LOC" on Net "C5.2" is deleted from board.
#36 WARNING(ORCAP-36014): Property "SCH_LOC" on Net "C6.1" is deleted from board.
#37 WARNING(ORCAP-36014): Property "SCH_LOC" on Net "C6.2" is deleted from board.
#38 WARNING(ORCAP-36014): Property "SCH_LOC" on Net "C7.1" is deleted from board.
#39 WARNING(ORCAP-36014): Property "SCH_LOC" on Net "C7.2" is deleted from board.
#40 WARNING(ORCAP-36014): Property "SCH_LOC" on Net "C8.1" is deleted from board.
#41 WARNING(ORCAP-36014): Property "SCH_LOC" on Net "C8.2" is deleted from board.
#42 WARNING(ORCAP-36014): Property "SCH_LOC" on Net "C9.1" is deleted from board.
#43 WARNING(ORCAP-36014): Property "SCH_LOC" on Net "C9.2" is deleted from board.
#44 WARNING(ORCAP-36014): Property "SCH_LOC" on Net "D1.1" is deleted from board.
#45 WARNING(ORCAP-36014): Property "SCH_LOC" on Net "D1.2" is deleted from board.
#46 WARNING(ORCAP-36014): Property "SCH_LOC" on Net "D2.2" is deleted from board.
#47 WARNING(ORCAP-36014): Property "SCH_LOC" on Net "D2.1" is deleted from board.
#48 WARNING(ORCAP-36014): Property "SCH_LOC" on Net "IC1.4" is deleted from board.
#49 WARNING(ORCAP-36014): Property "SCH_LOC" on Net "IC1.11" is deleted from board.
#50 WARNING(ORCAP-36014): Property "SCH_LOC" on Net "IC1.7" is deleted from board.
#51 WARNING(ORCAP-36014): Property "SCH_LOC" on Net "IC1.6" is deleted from board.
#52 WARNING(ORCAP-36014): Property "SCH_LOC" on Net "IC1.1" is deleted from board.
#53 WARNING(ORCAP-36014): Property "SCH_LOC" on Net "IC1.5" is deleted from board.
#54 WARNING(ORCAP-36014): Property "SCH_LOC" on Net "IC1.3" is deleted from board.
#55 WARNING(ORCAP-36014): Property "SCH_LOC" on Net "IC1.2" is deleted from board.
#56 WARNING(ORCAP-36014): Property "SCH_LOC" on Net "IC1.8" is deleted from board.
#57 WARNING(ORCAP-36014): Property "SCH_LOC" on Net "IC1.10" is deleted from board.
#58 WARNING(ORCAP-36014): Property "SCH_LOC" on Net "IC1.9" is deleted from board.
#59 WARNING(ORCAP-36014): Property "SCH_LOC" on Net "J1.2" is deleted from board.
#60 WARNING(ORCAP-36014): Property "SCH_LOC" on Net "J1.1" is deleted from board.
#61 WARNING(ORCAP-36014): Property "SCH_LOC" on Net "J1.3" is deleted from board.
#62 WARNING(ORCAP-36014): Property "SCH_LOC" on Net "J2.09" is deleted from board.
#63 WARNING(ORCAP-36014): Property "SCH_LOC" on Net "J2.06" is deleted from board.
#64 WARNING(ORCAP-36014): Property "SCH_LOC" on Net "J2.01" is deleted from board.
#65 WARNING(ORCAP-36014): Property "SCH_LOC" on Net "J2.03" is deleted from board.
#66 WARNING(ORCAP-36014): Property "SCH_LOC" on Net "J2.04" is deleted from board.
#67 WARNING(ORCAP-36014): Property "SCH_LOC" on Net "J2.10" is deleted from board.
#68 WARNING(ORCAP-36014): Property "SCH_LOC" on Net "J2.05" is deleted from board.
#69 WARNING(ORCAP-36014): Property "SCH_LOC" on Net "J2.08" is deleted from board.
#70 WARNING(ORCAP-36014): Property "SCH_LOC" on Net "J2.07" is deleted from board.
#71 WARNING(ORCAP-36014): Property "SCH_LOC" on Net "J3.2" is deleted from board.
#72 WARNING(ORCAP-36014): Property "SCH_LOC" on Net "J3.1" is deleted from board.
#73 WARNING(ORCAP-36014): Property "SCH_LOC" on Net "J4.A4" is deleted from board.
#74 WARNING(ORCAP-36014): Property "SCH_LOC" on Net "J4.A9" is deleted from board.
#75 WARNING(ORCAP-36014): Property "SCH_LOC" on Net "J4.B9" is deleted from board.
#76 WARNING(ORCAP-36014): Property "SCH_LOC" on Net "J4.B4" is deleted from board.
#77 WARNING(ORCAP-36014): Property "SCH_LOC" on Net "J4.25" is deleted from board.
#78 WARNING(ORCAP-36014): Property "SCH_LOC" on Net "J4.27" is deleted from board.
#79 WARNING(ORCAP-36014): Property "SCH_LOC" on Net "J4.26" is deleted from board.
#80 WARNING(ORCAP-36014): Property "SCH_LOC" on Net "J4.28" is deleted from board.
#81 WARNING(ORCAP-36014): Property "SCH_LOC" on Net "J4.A5" is deleted from board.
#82 WARNING(ORCAP-36014): Property "SCH_LOC" on Net "J4.B5" is deleted from board.
#83 WARNING(ORCAP-36014): Property "SCH_LOC" on Net "J4.A1" is deleted from board.
#84 WARNING(ORCAP-36014): Property "SCH_LOC" on Net "J4.A12" is deleted from board.
#85 WARNING(ORCAP-36014): Property "SCH_LOC" on Net "J4.B12" is deleted from board.
#86 WARNING(ORCAP-36014): Property "SCH_LOC" on Net "J4.B1" is deleted from board.
#87 WARNING(ORCAP-36014): Property "SCH_LOC" on Net "J5.1" is deleted from board.
#88 WARNING(ORCAP-36014): Property "SCH_LOC" on Net "J5.2" is deleted from board.
#89 WARNING(ORCAP-36014): Property "SCH_LOC" on Net "J6.2" is deleted from board.
#90 WARNING(ORCAP-36014): Property "SCH_LOC" on Net "J6.1" is deleted from board.
#91 WARNING(ORCAP-36014): Property "SCH_LOC" on Net "L1.1" is deleted from board.
#92 WARNING(ORCAP-36014): Property "SCH_LOC" on Net "L1.2" is deleted from board.
#93 WARNING(ORCAP-36014): Property "SCH_LOC" on Net "L2.1" is deleted from board.
#94 WARNING(ORCAP-36014): Property "SCH_LOC" on Net "L2.2" is deleted from board.
#95 WARNING(ORCAP-36014): Property "SCH_LOC" on Net "L3.2" is deleted from board.
#96 WARNING(ORCAP-36014): Property "SCH_LOC" on Net "L3.1" is deleted from board.
#97 WARNING(ORCAP-36014): Property "SCH_LOC" on Net "L4.2" is deleted from board.
#98 WARNING(ORCAP-36014): Property "SCH_LOC" on Net "L4.1" is deleted from board.
#99 WARNING(ORCAP-36014): Property "SCH_LOC" on Net "L5.1" is deleted from board.
#100 WARNING(ORCAP-36014): Property "SCH_LOC" on Net "L5.2" is deleted from board.
#101 WARNING(ORCAP-36014): Property "SCH_LOC" on Net "LED1.1" is deleted from board.
#102 WARNING(ORCAP-36014): Property "SCH_LOC" on Net "LED1.2" is deleted from board.
#103 WARNING(ORCAP-36014): Property "SCH_LOC" on Net "LED2.2" is deleted from board.
#104 WARNING(ORCAP-36014): Property "SCH_LOC" on Net "LED2.1" is deleted from board.
#105 WARNING(ORCAP-36014): Property "SCH_LOC" on Net "Q1.3" is deleted from board.
#106 WARNING(ORCAP-36014): Property "SCH_LOC" on Net "Q1.1" is deleted from board.
#107 WARNING(ORCAP-36014): Property "SCH_LOC" on Net "Q1.2" is deleted from board.
#108 WARNING(ORCAP-36014): Property "SCH_LOC" on Net "Q2.1" is deleted from board.
#109 WARNING(ORCAP-36014): Property "SCH_LOC" on Net "Q2.3" is deleted from board.
#110 WARNING(ORCAP-36014): Property "SCH_LOC" on Net "Q2.2" is deleted from board.
#111 WARNING(ORCAP-36014): Property "SCH_LOC" on Net "R1.1" is deleted from board.
#112 WARNING(ORCAP-36014): Property "SCH_LOC" on Net "R1.2" is deleted from board.
#113 WARNING(ORCAP-36014): Property "SCH_LOC" on Net "R10.1" is deleted from board.
#114 WARNING(ORCAP-36014): Property "SCH_LOC" on Net "R10.2" is deleted from board.
#115 WARNING(ORCAP-36014): Property "SCH_LOC" on Net "R11.2" is deleted from board.
#116 WARNING(ORCAP-36014): Property "SCH_LOC" on Net "R11.1" is deleted from board.
#117 WARNING(ORCAP-36014): Property "SCH_LOC" on Net "R12.2" is deleted from board.
#118 WARNING(ORCAP-36014): Property "SCH_LOC" on Net "R12.1" is deleted from board.
#119 WARNING(ORCAP-36014): Property "SCH_LOC" on Net "R2.1" is deleted from board.
#120 WARNING(ORCAP-36014): Property "SCH_LOC" on Net "R2.2" is deleted from board.
#121 WARNING(ORCAP-36014): Property "SCH_LOC" on Net "R3.1" is deleted from board.
#122 WARNING(ORCAP-36014): Property "SCH_LOC" on Net "R3.2" is deleted from board.
#123 WARNING(ORCAP-36014): Property "SCH_LOC" on Net "R4.1" is deleted from board.
#124 WARNING(ORCAP-36014): Property "SCH_LOC" on Net "R4.2" is deleted from board.
#125 WARNING(ORCAP-36014): Property "SCH_LOC" on Net "R5.1" is deleted from board.
#126 WARNING(ORCAP-36014): Property "SCH_LOC" on Net "R5.2" is deleted from board.
#127 WARNING(ORCAP-36014): Property "SCH_LOC" on Net "R6.2" is deleted from board.
#128 WARNING(ORCAP-36014): Property "SCH_LOC" on Net "R6.1" is deleted from board.
#129 WARNING(ORCAP-36014): Property "SCH_LOC" on Net "R7.2" is deleted from board.
#130 WARNING(ORCAP-36014): Property "SCH_LOC" on Net "R7.1" is deleted from board.
#131 WARNING(ORCAP-36014): Property "SCH_LOC" on Net "R8.2" is deleted from board.
#132 WARNING(ORCAP-36014): Property "SCH_LOC" on Net "R8.1" is deleted from board.
#133 WARNING(ORCAP-36014): Property "SCH_LOC" on Net "R9.2" is deleted from board.
#134 WARNING(ORCAP-36014): Property "SCH_LOC" on Net "R9.1" is deleted from board.
#135 WARNING(ORCAP-36014): Property "SCH_LOC" on Net "RT1.2" is deleted from board.
#136 WARNING(ORCAP-36014): Property "SCH_LOC" on Net "RT1.1" is deleted from board.
#137 WARNING(ORCAP-36014): Property "SCH_LOC" on Net "S1.1" is deleted from board.
#138 WARNING(ORCAP-36014): Property "SCH_LOC" on Net "S1.4" is deleted from board.
#139 WARNING(ORCAP-36014): Property "SCH_LOC" on Net "U1.12" is deleted from board.
#140 WARNING(ORCAP-36014): Property "SCH_LOC" on Net "U1.27" is deleted from board.
#141 WARNING(ORCAP-36014): Property "SCH_LOC" on Net "U1.21" is deleted from board.
#142 WARNING(ORCAP-36014): Property "SCH_LOC" on Net "U1.26" is deleted from board.
#143 WARNING(ORCAP-36014): Property "SCH_LOC" on Net "U1.14" is deleted from board.
#144 WARNING(ORCAP-36014): Property "SCH_LOC" on Net "U1.25" is deleted from board.
#145 WARNING(ORCAP-36014): Property "SCH_LOC" on Net "U1.19" is deleted from board.
#146 WARNING(ORCAP-36014): Property "SCH_LOC" on Net "U1.1" is deleted from board.
#147 WARNING(ORCAP-36014): Property "SCH_LOC" on Net "U1.33" is deleted from board.
#148 WARNING(ORCAP-36014): Property "SCH_LOC" on Net "U1.13" is deleted from board.
#149 WARNING(ORCAP-36014): Property "SCH_LOC" on Net "U1.18" is deleted from board.
#150 WARNING(ORCAP-36014): Property "SCH_LOC" on Net "U1.11" is deleted from board.
#151 WARNING(ORCAP-36014): Property "SCH_LOC" on Net "U1.28" is deleted from board.
#152 WARNING(ORCAP-36014): Property "SCH_LOC" on Net "U1.20" is deleted from board.
#153 WARNING(ORCAP-36014): Property "SCH_LOC" on Net "U1.2" is deleted from board.
#154 WARNING(ORCAP-36014): Property "SCH_LOC" on Net "U1.24" is deleted from board.
#155 WARNING(ORCAP-36014): Property "SCH_LOC" on Net "U1.15" is deleted from board.
#156 WARNING(ORCAP-36014): Property "SCH_LOC" on Net "U1.17" is deleted from board.
#157 WARNING(ORCAP-36014): Property "SCH_LOC" on Net "U1.32" is deleted from board.
#158 WARNING(ORCAP-36014): Property "SCH_LOC" on Net "U1.29" is deleted from board.
#159 WARNING(ORCAP-36014): Property "SCH_LOC" on Net "U1.6" is deleted from board.
#160 WARNING(ORCAP-36014): Property "SCH_LOC" on Net "U1.7" is deleted from board.
#161 WARNING(ORCAP-36014): Property "SCH_LOC" on Net "U1.22" is deleted from board.
#162 WARNING(ORCAP-36014): Property "SCH_LOC" on Net "U1.5" is deleted from board.
#163 WARNING(ORCAP-36014): Property "SCH_LOC" on Net "U1.4" is deleted from board.
#164 WARNING(ORCAP-36014): Property "SCH_LOC" on Net "U1.31" is deleted from board.
#165 WARNING(ORCAP-36014): Property "SCH_LOC" on Net "U1.30" is deleted from board.
#166 WARNING(ORCAP-36014): Property "SCH_LOC" on Net "U2.2" is deleted from board.
#167 WARNING(ORCAP-36014): Property "SCH_LOC" on Net "U2.4" is deleted from board.
#168 WARNING(ORCAP-36014): Property "SCH_LOC" on Net "U2.17" is deleted from board.
#169 WARNING(ORCAP-36014): Property "SCH_LOC" on Net "U2.18" is deleted from board.
#170 WARNING(ORCAP-36014): Property "SCH_LOC" on Net "U2.19" is deleted from board.
#171 WARNING(ORCAP-36014): Property "SCH_LOC" on Net "U2.5" is deleted from board.
#172 WARNING(ORCAP-36014): Property "SCH_LOC" on Net "U2.15" is deleted from board.
#173 WARNING(ORCAP-36014): Property "SCH_LOC" on Net "U2.14" is deleted from board.
#174 WARNING(ORCAP-36014): Property "SCH_LOC" on Net "U2.16" is deleted from board.
#175 WARNING(ORCAP-36014): Property "SCH_LOC" on Net "U2.6" is deleted from board.
#176 WARNING(ORCAP-36014): Property "SCH_LOC" on Net "U2.8" is deleted from board.
#177 WARNING(ORCAP-36014): Property "SCH_LOC" on Net "U2.13" is deleted from board.
#178 WARNING(ORCAP-36014): Property "SCH_LOC" on Net "U2.9" is deleted from board.
#179 WARNING(ORCAP-36014): Property "SCH_LOC" on Net "U2.3" is deleted from board.
#180 WARNING(ORCAP-36014): Property "SCH_LOC" on Net "U2.21" is deleted from board.
#181 WARNING(ORCAP-36014): Property "SCH_LOC" on Net "U2.1" is deleted from board.
#182 WARNING(ORCAP-36014): Property "SCH_LOC" on Net "U2.20" is deleted from board.
#183 WARNING(ORCAP-36014): Property "SCH_LOC" on Net "U2.12" is deleted from board.
#184 WARNING(ORCAP-36014): Property "SCH_LOC" on Net "U2.10" is deleted from board.
#185 WARNING(ORCAP-36014): Property "SCH_LOC" on Net "U2.11" is deleted from board.
#186 WARNING(ORCAP-36014): Property "SCH_LOC" on Net "U3.6" is deleted from board.
#187 WARNING(ORCAP-36014): Property "SCH_LOC" on Net "U3.3" is deleted from board.
#188 WARNING(ORCAP-36014): Property "SCH_LOC" on Net "U3.4" is deleted from board.
#189 WARNING(ORCAP-36014): Property "SCH_LOC" on Net "U3.1" is deleted from board.
#190 WARNING(ORCAP-36014): Property "SCH_LOC" on Net "Y1.2" is deleted from board.
#191 WARNING(ORCAP-36014): Property "SCH_LOC" on Net "Y1.4" is deleted from board.
#192 WARNING(ORCAP-36014): Property "SCH_LOC" on Net "Y1.1" is deleted from board.
#193 WARNING(ORCAP-36014): Property "SCH_LOC" on Net "Y1.3" is deleted from board.
#194 WARNING(ORCAP-36014): Property "SCH_LOC" on Net "Y2.1" is deleted from board.
#195 WARNING(ORCAP-36014): Property "SCH_LOC" on Net "Y2.2" is deleted from board.

*** List of Pin Property Differences ***
#196 ERROR(ORCAP-36012): Property "SCH_LOC" on Pin "FEED" of "A1.1" updated.
			Schematic Value : "(480,220)"
			Board Value : "" 
#197 ERROR(ORCAP-36012): Property "SCH_LOC" on Pin "1" of "C1.1" updated.
			Schematic Value : "(150,100)"
			Board Value : "" 
#198 ERROR(ORCAP-36012): Property "SCH_LOC" on Pin "2" of "C1.2" updated.
			Schematic Value : "(150,90)"
			Board Value : "" 
#199 ERROR(ORCAP-36012): Property "SCH_LOC" on Pin "2" of "C10.2" updated.
			Schematic Value : "(700,420)"
			Board Value : "" 
#200 ERROR(ORCAP-36012): Property "SCH_LOC" on Pin "1" of "C10.1" updated.
			Schematic Value : "(700,430)"
			Board Value : "" 
#201 ERROR(ORCAP-36012): Property "SCH_LOC" on Pin "1" of "C11.1" updated.
			Schematic Value : "(220,500)"
			Board Value : "" 
#202 ERROR(ORCAP-36012): Property "SCH_LOC" on Pin "2" of "C11.2" updated.
			Schematic Value : "(220,490)"
			Board Value : "" 
#203 ERROR(ORCAP-36012): Property "SCH_LOC" on Pin "1" of "C12.1" updated.
			Schematic Value : "(280,500)"
			Board Value : "" 
#204 ERROR(ORCAP-36012): Property "SCH_LOC" on Pin "2" of "C12.2" updated.
			Schematic Value : "(280,490)"
			Board Value : "" 
#205 ERROR(ORCAP-36012): Property "SCH_LOC" on Pin "B" of "C13.2" updated.
			Schematic Value : "(140,610)"
			Board Value : "" 
#206 ERROR(ORCAP-36012): Property "SCH_LOC" on Pin "A" of "C13.1" updated.
			Schematic Value : "(140,620)"
			Board Value : "" 
#207 ERROR(ORCAP-36012): Property "SCH_LOC" on Pin "B" of "C14.2" updated.
			Schematic Value : "(440,220)"
			Board Value : "" 
#208 ERROR(ORCAP-36012): Property "SCH_LOC" on Pin "A" of "C14.1" updated.
			Schematic Value : "(450,220)"
			Board Value : "" 
#209 ERROR(ORCAP-36012): Property "SCH_LOC" on Pin "B" of "C15.2" updated.
			Schematic Value : "(270,240)"
			Board Value : "" 
#210 ERROR(ORCAP-36012): Property "SCH_LOC" on Pin "A" of "C15.1" updated.
			Schematic Value : "(270,250)"
			Board Value : "" 
#211 ERROR(ORCAP-36012): Property "SCH_LOC" on Pin "B" of "C16.2" updated.
			Schematic Value : "(401,241)"
			Board Value : "" 
#212 ERROR(ORCAP-36012): Property "SCH_LOC" on Pin "A" of "C16.1" updated.
			Schematic Value : "(401,251)"
			Board Value : "" 
#213 ERROR(ORCAP-36012): Property "SCH_LOC" on Pin "+" of "C17.1" updated.
			Schematic Value : "(546,66)"
			Board Value : "" 
#214 ERROR(ORCAP-36012): Property "SCH_LOC" on Pin "-" of "C17.2" updated.
			Schematic Value : "(546,96)"
			Board Value : "" 
#215 ERROR(ORCAP-36012): Property "SCH_LOC" on Pin "1" of "C18.1" updated.
			Schematic Value : "(634,76)"
			Board Value : "" 
#216 ERROR(ORCAP-36012): Property "SCH_LOC" on Pin "2" of "C18.2" updated.
			Schematic Value : "(634,86)"
			Board Value : "" 
#217 ERROR(ORCAP-36012): Property "SCH_LOC" on Pin "1" of "C19.1" updated.
			Schematic Value : "(616,261)"
			Board Value : "" 
#218 ERROR(ORCAP-36012): Property "SCH_LOC" on Pin "2" of "C19.2" updated.
			Schematic Value : "(606,261)"
			Board Value : "" 
#219 ERROR(ORCAP-36012): Property "SCH_LOC" on Pin "1" of "C2.1" updated.
			Schematic Value : "(210,100)"
			Board Value : "" 
#220 ERROR(ORCAP-36012): Property "SCH_LOC" on Pin "2" of "C2.2" updated.
			Schematic Value : "(210,90)"
			Board Value : "" 
#221 ERROR(ORCAP-36012): Property "SCH_LOC" on Pin "2" of "C20.2" updated.
			Schematic Value : "(36,287)"
			Board Value : "" 
#222 ERROR(ORCAP-36012): Property "SCH_LOC" on Pin "1" of "C20.1" updated.
			Schematic Value : "(36,297)"
			Board Value : "" 
#223 ERROR(ORCAP-36012): Property "SCH_LOC" on Pin "2" of "C21.2" updated.
			Schematic Value : "(679,409)"
			Board Value : "" 
#224 ERROR(ORCAP-36012): Property "SCH_LOC" on Pin "1" of "C21.1" updated.
			Schematic Value : "(679,419)"
			Board Value : "" 
#225 ERROR(ORCAP-36012): Property "SCH_LOC" on Pin "1" of "C3.1" updated.
			Schematic Value : "(260,100)"
			Board Value : "" 
#226 ERROR(ORCAP-36012): Property "SCH_LOC" on Pin "2" of "C3.2" updated.
			Schematic Value : "(260,90)"
			Board Value : "" 
#227 ERROR(ORCAP-36012): Property "SCH_LOC" on Pin "1" of "C4.1" updated.
			Schematic Value : "(320,100)"
			Board Value : "" 
#228 ERROR(ORCAP-36012): Property "SCH_LOC" on Pin "2" of "C4.2" updated.
			Schematic Value : "(320,90)"
			Board Value : "" 
#229 ERROR(ORCAP-36012): Property "SCH_LOC" on Pin "1" of "C5.1" updated.
			Schematic Value : "(379,100)"
			Board Value : "" 
#230 ERROR(ORCAP-36012): Property "SCH_LOC" on Pin "2" of "C5.2" updated.
			Schematic Value : "(379,90)"
			Board Value : "" 
#231 ERROR(ORCAP-36012): Property "SCH_LOC" on Pin "1" of "C6.1" updated.
			Schematic Value : "(670,100)"
			Board Value : "" 
#232 ERROR(ORCAP-36012): Property "SCH_LOC" on Pin "2" of "C6.2" updated.
			Schematic Value : "(670,90)"
			Board Value : "" 
#233 ERROR(ORCAP-36012): Property "SCH_LOC" on Pin "1" of "C7.1" updated.
			Schematic Value : "(730,100)"
			Board Value : "" 
#234 ERROR(ORCAP-36012): Property "SCH_LOC" on Pin "2" of "C7.2" updated.
			Schematic Value : "(730,90)"
			Board Value : "" 
#235 ERROR(ORCAP-36012): Property "SCH_LOC" on Pin "1" of "C8.1" updated.
			Schematic Value : "(790,100)"
			Board Value : "" 
#236 ERROR(ORCAP-36012): Property "SCH_LOC" on Pin "2" of "C8.2" updated.
			Schematic Value : "(790,90)"
			Board Value : "" 
#237 ERROR(ORCAP-36012): Property "SCH_LOC" on Pin "1" of "C9.1" updated.
			Schematic Value : "(850,100)"
			Board Value : "" 
#238 ERROR(ORCAP-36012): Property "SCH_LOC" on Pin "2" of "C9.2" updated.
			Schematic Value : "(850,90)"
			Board Value : "" 
#239 ERROR(ORCAP-36012): Property "SCH_LOC" on Pin "K" of "D1.1" updated.
			Schematic Value : "(721,56)"
			Board Value : "" 
#240 ERROR(ORCAP-36012): Property "SCH_LOC" on Pin "A" of "D1.2" updated.
			Schematic Value : "(761,56)"
			Board Value : "" 
#241 ERROR(ORCAP-36012): Property "SCH_LOC" on Pin "A" of "D2.2" updated.
			Schematic Value : "(574,326)"
			Board Value : "" 
#242 ERROR(ORCAP-36012): Property "SCH_LOC" on Pin "K" of "D2.1" updated.
			Schematic Value : "(574,286)"
			Board Value : "" 
#243 ERROR(ORCAP-36012): Property "SCH_LOC" on Pin "NC" of "IC1.4" updated.
			Schematic Value : "(432,528)"
			Board Value : "" 
#244 ERROR(ORCAP-36012): Property "SCH_LOC" on Pin "EP" of "IC1.11" updated.
			Schematic Value : "(472,568)"
			Board Value : "" 
#245 ERROR(ORCAP-36012): Property "SCH_LOC" on Pin "PG" of "IC1.7" updated.
			Schematic Value : "(512,528)"
			Board Value : "" 
#246 ERROR(ORCAP-36012): Property "SCH_LOC" on Pin "AGND" of "IC1.6" updated.
			Schematic Value : "(512,538)"
			Board Value : "" 
#247 ERROR(ORCAP-36012): Property "SCH_LOC" on Pin "PGND" of "IC1.1" updated.
			Schematic Value : "(432,498)"
			Board Value : "" 
#248 ERROR(ORCAP-36012): Property "SCH_LOC" on Pin "FB" of "IC1.5" updated.
			Schematic Value : "(432,538)"
			Board Value : "" 
#249 ERROR(ORCAP-36012): Property "SCH_LOC" on Pin "EN" of "IC1.3" updated.
			Schematic Value : "(432,518)"
			Board Value : "" 
#250 ERROR(ORCAP-36012): Property "SCH_LOC" on Pin "VIN" of "IC1.2" updated.
			Schematic Value : "(432,508)"
			Board Value : "" 
#251 ERROR(ORCAP-36012): Property "SCH_LOC" on Pin "SLEEP" of "IC1.8" updated.
			Schematic Value : "(512,518)"
			Board Value : "" 
#252 ERROR(ORCAP-36012): Property "SCH_LOC" on Pin "VOS" of "IC1.10" updated.
			Schematic Value : "(512,498)"
			Board Value : "" 
#253 ERROR(ORCAP-36012): Property "SCH_LOC" on Pin "SW" of "IC1.9" updated.
			Schematic Value : "(512,508)"
			Board Value : "" 
#254 ERROR(ORCAP-36012): Property "SCH_LOC" on Pin "2" of "J1.2" updated.
			Schematic Value : "(880,350)"
			Board Value : "" 
#255 ERROR(ORCAP-36012): Property "SCH_LOC" on Pin "1" of "J1.1" updated.
			Schematic Value : "(880,340)"
			Board Value : "" 
#256 ERROR(ORCAP-36012): Property "SCH_LOC" on Pin "3" of "J1.3" updated.
			Schematic Value : "(880,360)"
			Board Value : "" 
#257 ERROR(ORCAP-36012): Property "SCH_LOC" on Pin "09" of "J2.09" updated.
			Schematic Value : "(632,443)"
			Board Value : "" 
#258 ERROR(ORCAP-36012): Property "SCH_LOC" on Pin "06" of "J2.06" updated.
			Schematic Value : "(692,423)"
			Board Value : "" 
#259 ERROR(ORCAP-36012): Property "SCH_LOC" on Pin "01" of "J2.01" updated.
			Schematic Value : "(632,403)"
			Board Value : "" 
#260 ERROR(ORCAP-36012): Property "SCH_LOC" on Pin "03" of "J2.03" updated.
			Schematic Value : "(632,413)"
			Board Value : "" 
#261 ERROR(ORCAP-36012): Property "SCH_LOC" on Pin "04" of "J2.04" updated.
			Schematic Value : "(692,413)"
			Board Value : "" 
#262 ERROR(ORCAP-36012): Property "SCH_LOC" on Pin "10" of "J2.10" updated.
			Schematic Value : "(692,443)"
			Board Value : "" 
#263 ERROR(ORCAP-36012): Property "SCH_LOC" on Pin "05" of "J2.05" updated.
			Schematic Value : "(632,423)"
			Board Value : "" 
#264 ERROR(ORCAP-36012): Property "SCH_LOC" on Pin "08" of "J2.08" updated.
			Schematic Value : "(692,433)"
			Board Value : "" 
#265 ERROR(ORCAP-36012): Property "SCH_LOC" on Pin "07" of "J2.07" updated.
			Schematic Value : "(632,433)"
			Board Value : "" 
#266 ERROR(ORCAP-36012): Property "SCH_LOC" on Pin "2" of "J3.2" updated.
			Schematic Value : "(857,66)"
			Board Value : "" 
#267 ERROR(ORCAP-36012): Property "SCH_LOC" on Pin "1" of "J3.1" updated.
			Schematic Value : "(857,56)"
			Board Value : "" 
#268 ERROR(ORCAP-36012): Property "SCH_LOC" on Pin "VBUS" of "J4.A4" updated.
			Schematic Value : "(114,372)"
			Board Value : "" 
#269 ERROR(ORCAP-36012): Property "SCH_LOC" on Pin "VBUS_2" of "J4.A9" updated.
			Schematic Value : "(114,422)"
			Board Value : "" 
#270 ERROR(ORCAP-36012): Property "SCH_LOC" on Pin "VBUS_4" of "J4.B9" updated.
			Schematic Value : "(214,372)"
			Board Value : "" 
#271 ERROR(ORCAP-36012): Property "SCH_LOC" on Pin "VBUS_3" of "J4.B4" updated.
			Schematic Value : "(214,422)"
			Board Value : "" 
#272 ERROR(ORCAP-36012): Property "SCH_LOC" on Pin "THERM1" of "J4.25" updated.
			Schematic Value : "(144,322)"
			Board Value : "" 
#273 ERROR(ORCAP-36012): Property "SCH_LOC" on Pin "THERM3" of "J4.27" updated.
			Schematic Value : "(164,322)"
			Board Value : "" 
#274 ERROR(ORCAP-36012): Property "SCH_LOC" on Pin "THERM2" of "J4.26" updated.
			Schematic Value : "(154,322)"
			Board Value : "" 
#275 ERROR(ORCAP-36012): Property "SCH_LOC" on Pin "THERM4" of "J4.28" updated.
			Schematic Value : "(174,322)"
			Board Value : "" 
#276 ERROR(ORCAP-36012): Property "SCH_LOC" on Pin "CC1" of "J4.A5" updated.
			Schematic Value : "(114,382)"
			Board Value : "" 
#277 ERROR(ORCAP-36012): Property "SCH_LOC" on Pin "CC2" of "J4.B5" updated.
			Schematic Value : "(214,412)"
			Board Value : "" 
#278 ERROR(ORCAP-36012): Property "SCH_LOC" on Pin "GND" of "J4.A1" updated.
			Schematic Value : "(114,342)"
			Board Value : "" 
#279 ERROR(ORCAP-36012): Property "SCH_LOC" on Pin "GND_2" of "J4.A12" updated.
			Schematic Value : "(114,452)"
			Board Value : "" 
#280 ERROR(ORCAP-36012): Property "SCH_LOC" on Pin "GND_4" of "J4.B12" updated.
			Schematic Value : "(214,342)"
			Board Value : "" 
#281 ERROR(ORCAP-36012): Property "SCH_LOC" on Pin "GND_3" of "J4.B1" updated.
			Schematic Value : "(214,452)"
			Board Value : "" 
#282 ERROR(ORCAP-36012): Property "SCH_LOC" on Pin "1" of "J5.1" updated.
			Schematic Value : "(771,399)"
			Board Value : "" 
#283 ERROR(ORCAP-36012): Property "SCH_LOC" on Pin "2" of "J5.2" updated.
			Schematic Value : "(771,409)"
			Board Value : "" 
#284 ERROR(ORCAP-36012): Property "SCH_LOC" on Pin "2" of "J6.2" updated.
			Schematic Value : "(853,316)"
			Board Value : "" 
#285 ERROR(ORCAP-36012): Property "SCH_LOC" on Pin "1" of "J6.1" updated.
			Schematic Value : "(853,306)"
			Board Value : "" 
#286 ERROR(ORCAP-36012): Property "SCH_LOC" on Pin "1" of "L1.1" updated.
			Schematic Value : "(130,80)"
			Board Value : "" 
#287 ERROR(ORCAP-36012): Property "SCH_LOC" on Pin "2" of "L1.2" updated.
			Schematic Value : "(90,80)"
			Board Value : "" 
#288 ERROR(ORCAP-36012): Property "SCH_LOC" on Pin "1" of "L2.1" updated.
			Schematic Value : "(568,80)"
			Board Value : "" 
#289 ERROR(ORCAP-36012): Property "SCH_LOC" on Pin "2" of "L2.2" updated.
			Schematic Value : "(608,80)"
			Board Value : "" 
#290 ERROR(ORCAP-36012): Property "SCH_LOC" on Pin "2" of "L3.2" updated.
			Schematic Value : "(210,200)"
			Board Value : "" 
#291 ERROR(ORCAP-36012): Property "SCH_LOC" on Pin "1" of "L3.1" updated.
			Schematic Value : "(170,200)"
			Board Value : "" 
#292 ERROR(ORCAP-36012): Property "SCH_LOC" on Pin "2" of "L4.2" updated.
			Schematic Value : "(360,220)"
			Board Value : "" 
#293 ERROR(ORCAP-36012): Property "SCH_LOC" on Pin "1" of "L4.1" updated.
			Schematic Value : "(320,220)"
			Board Value : "" 
#294 ERROR(ORCAP-36012): Property "SCH_LOC" on Pin "1" of "L5.1" updated.
			Schematic Value : "(587,508)"
			Board Value : "" 
#295 ERROR(ORCAP-36012): Property "SCH_LOC" on Pin "2" of "L5.2" updated.
			Schematic Value : "(547,508)"
			Board Value : "" 
#296 ERROR(ORCAP-36012): Property "SCH_LOC" on Pin "A" of "LED1.1" updated.
			Schematic Value : "(330,400)"
			Board Value : "" 
#297 ERROR(ORCAP-36012): Property "SCH_LOC" on Pin "B" of "LED1.2" updated.
			Schematic Value : "(360,400)"
			Board Value : "" 
#298 ERROR(ORCAP-36012): Property "SCH_LOC" on Pin "B" of "LED2.2" updated.
			Schematic Value : "(360,470)"
			Board Value : "" 
#299 ERROR(ORCAP-36012): Property "SCH_LOC" on Pin "A" of "LED2.1" updated.
			Schematic Value : "(330,470)"
			Board Value : "" 
#300 ERROR(ORCAP-36012): Property "SCH_LOC" on Pin "SOURCE" of "Q1.3" updated.
			Schematic Value : "(840,290)"
			Board Value : "" 
#301 ERROR(ORCAP-36012): Property "SCH_LOC" on Pin "GATE" of "Q1.1" updated.
			Schematic Value : "(820,290)"
			Board Value : "" 
#302 ERROR(ORCAP-36012): Property "SCH_LOC" on Pin "DRAIN" of "Q1.2" updated.
			Schematic Value : "(840,270)"
			Board Value : "" 
#303 ERROR(ORCAP-36012): Property "SCH_LOC" on Pin "G" of "Q2.1" updated.
			Schematic Value : "(380,330)"
			Board Value : "" 
#304 ERROR(ORCAP-36012): Property "SCH_LOC" on Pin "D" of "Q2.3" updated.
			Schematic Value : "(400,300)"
			Board Value : "" 
#305 ERROR(ORCAP-36012): Property "SCH_LOC" on Pin "S" of "Q2.2" updated.
			Schematic Value : "(400,340)"
			Board Value : "" 
#306 ERROR(ORCAP-36012): Property "SCH_LOC" on Pin "1" of "R1.1" updated.
			Schematic Value : "(740,290)"
			Board Value : "" 
#307 ERROR(ORCAP-36012): Property "SCH_LOC" on Pin "2" of "R1.2" updated.
			Schematic Value : "(760,290)"
			Board Value : "" 
#308 ERROR(ORCAP-36012): Property "SCH_LOC" on Pin "1" of "R10.1" updated.
			Schematic Value : "(726,335)"
			Board Value : "" 
#309 ERROR(ORCAP-36012): Property "SCH_LOC" on Pin "2" of "R10.2" updated.
			Schematic Value : "(696,335)"
			Board Value : "" 
#310 ERROR(ORCAP-36012): Property "SCH_LOC" on Pin "2" of "R11.2" updated.
			Schematic Value : "(157,329)"
			Board Value : "" 
#311 ERROR(ORCAP-36012): Property "SCH_LOC" on Pin "1" of "R11.1" updated.
			Schematic Value : "(127,329)"
			Board Value : "" 
#312 ERROR(ORCAP-36012): Property "SCH_LOC" on Pin "2" of "R12.2" updated.
			Schematic Value : "(289,380)"
			Board Value : "" 
#313 ERROR(ORCAP-36012): Property "SCH_LOC" on Pin "1" of "R12.1" updated.
			Schematic Value : "(289,410)"
			Board Value : "" 
#314 ERROR(ORCAP-36012): Property "SCH_LOC" on Pin "1" of "R2.1" updated.
			Schematic Value : "(790,320)"
			Board Value : "" 
#315 ERROR(ORCAP-36012): Property "SCH_LOC" on Pin "2" of "R2.2" updated.
			Schematic Value : "(790,300)"
			Board Value : "" 
#316 ERROR(ORCAP-36012): Property "SCH_LOC" on Pin "1" of "R3.1" updated.
			Schematic Value : "(140,580)"
			Board Value : "" 
#317 ERROR(ORCAP-36012): Property "SCH_LOC" on Pin "2" of "R3.2" updated.
			Schematic Value : "(140,560)"
			Board Value : "" 
#318 ERROR(ORCAP-36012): Property "SCH_LOC" on Pin "A" of "R4.1" updated.
			Schematic Value : "(390,400)"
			Board Value : "" 
#319 ERROR(ORCAP-36012): Property "SCH_LOC" on Pin "B" of "R4.2" updated.
			Schematic Value : "(420,400)"
			Board Value : "" 
#320 ERROR(ORCAP-36012): Property "SCH_LOC" on Pin "A" of "R5.1" updated.
			Schematic Value : "(390,470)"
			Board Value : "" 
#321 ERROR(ORCAP-36012): Property "SCH_LOC" on Pin "B" of "R5.2" updated.
			Schematic Value : "(420,470)"
			Board Value : "" 
#322 ERROR(ORCAP-36012): Property "SCH_LOC" on Pin "B" of "R6.2" updated.
			Schematic Value : "(350,550)"
			Board Value : "" 
#323 ERROR(ORCAP-36012): Property "SCH_LOC" on Pin "A" of "R6.1" updated.
			Schematic Value : "(320,550)"
			Board Value : "" 
#324 ERROR(ORCAP-36012): Property "SCH_LOC" on Pin "2" of "R7.2" updated.
			Schematic Value : "(201,69)"
			Board Value : "" 
#325 ERROR(ORCAP-36012): Property "SCH_LOC" on Pin "1" of "R7.1" updated.
			Schematic Value : "(231,69)"
			Board Value : "" 
#326 ERROR(ORCAP-36012): Property "SCH_LOC" on Pin "2" of "R8.2" updated.
			Schematic Value : "(201,99)"
			Board Value : "" 
#327 ERROR(ORCAP-36012): Property "SCH_LOC" on Pin "1" of "R8.1" updated.
			Schematic Value : "(231,99)"
			Board Value : "" 
#328 ERROR(ORCAP-36012): Property "SCH_LOC" on Pin "2" of "R9.2" updated.
			Schematic Value : "(696,307)"
			Board Value : "" 
#329 ERROR(ORCAP-36012): Property "SCH_LOC" on Pin "1" of "R9.1" updated.
			Schematic Value : "(726,307)"
			Board Value : "" 
#330 ERROR(ORCAP-36012): Property "SCH_LOC" on Pin "2" of "RT1.2" updated.
			Schematic Value : "(214,639)"
			Board Value : "" 
#331 ERROR(ORCAP-36012): Property "SCH_LOC" on Pin "1" of "RT1.1" updated.
			Schematic Value : "(184,639)"
			Board Value : "" 
#332 ERROR(ORCAP-36012): Property "SCH_LOC" on Pin "COM_1" of "S1.1" updated.
			Schematic Value : "(381,550)"
			Board Value : "" 
#333 ERROR(ORCAP-36012): Property "SCH_LOC" on Pin "NO_2" of "S1.4" updated.
			Schematic Value : "(461,560)"
			Board Value : "" 
#334 ERROR(ORCAP-36012): Property "SCH_LOC" on Pin "DCOUPL" of "U1.12" updated.
			Schematic Value : "(630,410)"
			Board Value : "" 
#335 ERROR(ORCAP-36012): Property "SCH_LOC" on Pin "DIO_14" of "U1.27" updated.
			Schematic Value : "(630,350)"
			Board Value : "" 
#336 ERROR(ORCAP-36012): Property "SCH_LOC" on Pin "DIO_8" of "U1.21" updated.
			Schematic Value : "(630,290)"
			Board Value : "" 
#337 ERROR(ORCAP-36012): Property "SCH_LOC" on Pin "DIO_13" of "U1.26" updated.
			Schematic Value : "(630,340)"
			Board Value : "" 
#338 ERROR(ORCAP-36012): Property "SCH_LOC" on Pin "JTAG_TCKC" of "U1.14" updated.
			Schematic Value : "(470,430)"
			Board Value : "" 
#339 ERROR(ORCAP-36012): Property "SCH_LOC" on Pin "DIO_12" of "U1.25" updated.
			Schematic Value : "(630,330)"
			Board Value : "" 
#340 ERROR(ORCAP-36012): Property "SCH_LOC" on Pin "RESET_N" of "U1.19" updated.
			Schematic Value : "(470,420)"
			Board Value : "" 
#341 ERROR(ORCAP-36012): Property "SCH_LOC" on Pin "RF_P" of "U1.1" updated.
			Schematic Value : "(630,390)"
			Board Value : "" 
#342 ERROR(ORCAP-36012): Property "SCH_LOC" on Pin "VSS" of "U1.33" updated.
			Schematic Value : "(630,480)"
			Board Value : "" 
#343 ERROR(ORCAP-36012): Property "SCH_LOC" on Pin "JTAG_TMSC" of "U1.13" updated.
			Schematic Value : "(470,440)"
			Board Value : "" 
#344 ERROR(ORCAP-36012): Property "SCH_LOC" on Pin "VDDS_DCDC" of "U1.18" updated.
			Schematic Value : "(470,270)"
			Board Value : "" 
#345 ERROR(ORCAP-36012): Property "SCH_LOC" on Pin "VDDS2" of "U1.11" updated.
			Schematic Value : "(470,220)"
			Board Value : "" 
#346 ERROR(ORCAP-36012): Property "SCH_LOC" on Pin "VDDS" of "U1.28" updated.
			Schematic Value : "(470,210)"
			Board Value : "" 
#347 ERROR(ORCAP-36012): Property "SCH_LOC" on Pin "DIO_7" of "U1.20" updated.
			Schematic Value : "(630,280)"
			Board Value : "" 
#348 ERROR(ORCAP-36012): Property "SCH_LOC" on Pin "RF_N" of "U1.2" updated.
			Schematic Value : "(630,380)"
			Board Value : "" 
#349 ERROR(ORCAP-36012): Property "SCH_LOC" on Pin "DIO_11" of "U1.24" updated.
			Schematic Value : "(630,320)"
			Board Value : "" 
#350 ERROR(ORCAP-36012): Property "SCH_LOC" on Pin "DIO_5" of "U1.15" updated.
			Schematic Value : "(630,260)"
			Board Value : "" 
#351 ERROR(ORCAP-36012): Property "SCH_LOC" on Pin "DCDC_SW" of "U1.17" updated.
			Schematic Value : "(470,290)"
			Board Value : "" 
#352 ERROR(ORCAP-36012): Property "SCH_LOC" on Pin "VDDR_RF" of "U1.32" updated.
			Schematic Value : "(470,250)"
			Board Value : "" 
#353 ERROR(ORCAP-36012): Property "SCH_LOC" on Pin "VDDR" of "U1.29" updated.
			Schematic Value : "(470,240)"
			Board Value : "" 
#354 ERROR(ORCAP-36012): Property "SCH_LOC" on Pin "DIO_0" of "U1.6" updated.
			Schematic Value : "(630,210)"
			Board Value : "" 
#355 ERROR(ORCAP-36012): Property "SCH_LOC" on Pin "DIO_1" of "U1.7" updated.
			Schematic Value : "(630,220)"
			Board Value : "" 
#356 ERROR(ORCAP-36012): Property "SCH_LOC" on Pin "DIO_9" of "U1.22" updated.
			Schematic Value : "(630,300)"
			Board Value : "" 
#357 ERROR(ORCAP-36012): Property "SCH_LOC" on Pin "X32K_Q2" of "U1.5" updated.
			Schematic Value : "(470,380)"
			Board Value : "" 
#358 ERROR(ORCAP-36012): Property "SCH_LOC" on Pin "X32K_Q1" of "U1.4" updated.
			Schematic Value : "(470,390)"
			Board Value : "" 
#359 ERROR(ORCAP-36012): Property "SCH_LOC" on Pin "X24M_P" of "U1.31" updated.
			Schematic Value : "(470,350)"
			Board Value : "" 
#360 ERROR(ORCAP-36012): Property "SCH_LOC" on Pin "X24M_N" of "U1.30" updated.
			Schematic Value : "(470,360)"
			Board Value : "" 
#361 ERROR(ORCAP-36012): Property "SCH_LOC" on Pin "VPCC" of "U2.2" updated.
			Schematic Value : "(386,336)"
			Board Value : "" 
#362 ERROR(ORCAP-36012): Property "SCH_LOC" on Pin "PROG2" of "U2.4" updated.
			Schematic Value : "(386,306)"
			Board Value : "" 
#363 ERROR(ORCAP-36012): Property "SCH_LOC" on Pin "CE" of "U2.17" updated.
			Schematic Value : "(386,256)"
			Board Value : "" 
#364 ERROR(ORCAP-36012): Property "SCH_LOC" on Pin "IN" of "U2.18" updated.
			Schematic Value : "(386,276)"
			Board Value : "" 
#365 ERROR(ORCAP-36012): Property "SCH_LOC" on Pin "IN_2" of "U2.19" updated.
			Schematic Value : "(386,286)"
			Board Value : "" 
#366 ERROR(ORCAP-36012): Property "SCH_LOC" on Pin "THERM" of "U2.5" updated.
			Schematic Value : "(386,366)"
			Board Value : "" 
#367 ERROR(ORCAP-36012): Property "SCH_LOC" on Pin "VBAT_2" of "U2.15" updated.
			Schematic Value : "(546,356)"
			Board Value : "" 
#368 ERROR(ORCAP-36012): Property "SCH_LOC" on Pin "VBAT" of "U2.14" updated.
			Schematic Value : "(546,346)"
			Board Value : "" 
#369 ERROR(ORCAP-36012): Property "SCH_LOC" on Pin "VBAT_SENSE" of "U2.16" updated.
			Schematic Value : "(546,376)"
			Board Value : "" 
#370 ERROR(ORCAP-36012): Property "SCH_LOC" on Pin "*PG" of "U2.6" updated.
			Schematic Value : "(546,246)"
			Board Value : "" 
#371 ERROR(ORCAP-36012): Property "SCH_LOC" on Pin "STAT1/*LBO" of "U2.8" updated.
			Schematic Value : "(546,286)"
			Board Value : "" 
#372 ERROR(ORCAP-36012): Property "SCH_LOC" on Pin "PROG1" of "U2.13" updated.
			Schematic Value : "(546,316)"
			Board Value : "" 
#373 ERROR(ORCAP-36012): Property "SCH_LOC" on Pin "*TE" of "U2.9" updated.
			Schematic Value : "(386,246)"
			Board Value : "" 
#374 ERROR(ORCAP-36012): Property "SCH_LOC" on Pin "SEL" of "U2.3" updated.
			Schematic Value : "(386,326)"
			Board Value : "" 
#375 ERROR(ORCAP-36012): Property "SCH_LOC" on Pin "EP" of "U2.21" updated.
			Schematic Value : "(386,356)"
			Board Value : "" 
#376 ERROR(ORCAP-36012): Property "SCH_LOC" on Pin "OUT" of "U2.1" updated.
			Schematic Value : "(546,256)"
			Board Value : "" 
#377 ERROR(ORCAP-36012): Property "SCH_LOC" on Pin "OUT_2" of "U2.20" updated.
			Schematic Value : "(546,266)"
			Board Value : "" 
#378 ERROR(ORCAP-36012): Property "SCH_LOC" on Pin "PROG3" of "U2.12" updated.
			Schematic Value : "(546,326)"
			Board Value : "" 
#379 ERROR(ORCAP-36012): Property "SCH_LOC" on Pin "VSS" of "U2.10" updated.
			Schematic Value : "(226,557)"
			Board Value : "" 
#380 ERROR(ORCAP-36012): Property "SCH_LOC" on Pin "VSS_2" of "U2.11" updated.
			Schematic Value : "(226,547)"
			Board Value : "" 
#381 ERROR(ORCAP-36012): Property "SCH_LOC" on Pin "6" of "U3.6" updated.
			Schematic Value : "(693,376)"
			Board Value : "" 
#382 ERROR(ORCAP-36012): Property "SCH_LOC" on Pin "3" of "U3.3" updated.
			Schematic Value : "(743,376)"
			Board Value : "" 
#383 ERROR(ORCAP-36012): Property "SCH_LOC" on Pin "4" of "U3.4" updated.
			Schematic Value : "(763,256)"
			Board Value : "" 
#384 ERROR(ORCAP-36012): Property "SCH_LOC" on Pin "1" of "U3.1" updated.
			Schematic Value : "(693,256)"
			Board Value : "" 
#385 ERROR(ORCAP-36012): Property "SCH_LOC" on Pin "B" of "Y1.2" updated.
			Schematic Value : "(120,410)"
			Board Value : "" 
#386 ERROR(ORCAP-36012): Property "SCH_LOC" on Pin "D" of "Y1.4" updated.
			Schematic Value : "(140,410)"
			Board Value : "" 
#387 ERROR(ORCAP-36012): Property "SCH_LOC" on Pin "A" of "Y1.1" updated.
			Schematic Value : "(110,390)"
			Board Value : "" 
#388 ERROR(ORCAP-36012): Property "SCH_LOC" on Pin "C" of "Y1.3" updated.
			Schematic Value : "(150,390)"
			Board Value : "" 
#389 ERROR(ORCAP-36012): Property "SCH_LOC" on Pin "A" of "Y2.1" updated.
			Schematic Value : "(230,460)"
			Board Value : "" 
#390 ERROR(ORCAP-36012): Property "SCH_LOC" on Pin "B" of "Y2.2" updated.
			Schematic Value : "(270,460)"
			Board Value : "" 
.....................................

INFO(ORCAP-36104): Exiting the Swp file dumping process ...
