(---------------------------------------------------------------------)
(                                                                     )
(    Allegro Netrev Import Logic                                      )
(                                                                     )
(    Drawing          : SO1L.brd                                      )
(    Software Version : 25.1S030                                      )
(    Date/Time        : Thu Jun  4 11:21:06 2026                      )
(                                                                     )
(---------------------------------------------------------------------)


------ Directives ------------

Ripup etch:                  No
Ripup delete first segment:  No
Ripup retain bondwire:       No
Ripup symbols:               Always
Missing symbol has error:    No
DRC update:                  Yes
Schematic directory:         '.'
Design Directory:            'C:/Users/andre/Desktop/Ese_Group18/Orcad_Workspace/workspace/projects/moisturesensor/allegro'
Old design name:             'C:/Users/andre/Desktop/Ese_Group18/Orcad_Workspace/workspace/projects/moisturesensor/allegro/SO1L.brd'
New design name:             'C:/Users/andre/Desktop/Ese_Group18/Orcad_Workspace/workspace/projects/moisturesensor/allegro/SO1L.brd'

CmdLine: netrev -y 1 -q netrev_constraint_report.xml C:/Users/andre/Desktop/Ese_Group18/Orcad_Workspace/workspace/projects/moisturesensor/allegro/#Taaaact10364.tmp

------ Preparing to read pst files ------

Starting to read ./pstchip.dat 
   Finished reading ./pstchip.dat (00:00:00.08)
Starting to read ./pstxprt.dat 
   Finished reading ./pstxprt.dat (00:00:00.00)
Starting to read ./pstxnet.dat 
   Finished reading ./pstxnet.dat (00:00:00.00)

------ Oversights/Warnings/Errors ------


#1   ERROR(SPMHNI-175): Netrev error detected.

ERROR(SPMHDB-195): Error processing 'Y2': Cannot modify element; the object or a parent has the FIXED property. [help].

------ Library Paths ------
MODULEPATH =  . 
           c:/cadence/orcadx_25.1/share/local/pcb/modules 

PSMPATH =  C:/Users/andre/Desktop/Ese_Group18/Orcad_Workspace/workspace/libraries/footprints 
           . 
           symbols 
           .. 
           ../symbols 
           C:/Cadence/OrCADX_25.1/share/orApps/OrCaptureApp/../../../share/local/pcb/symbols 
           C:/Cadence/OrCADX_25.1/share/orApps/OrCaptureApp/../../../share/pcb/pcb_lib/symbols 
           C:/Cadence/OrCADX_25.1/share/orApps/OrCaptureApp/../../../share/pcb/allegrolib/symbols 
           C:/Users/andre/AppData/Roaming/SPB_Data/cdssetup/OrCAD_Capture/25.1.0/downloaded_parts/allegropcb 
           C:/Users/andre/Desktop/Ese_Group18/Orcad_Workspace/workspace 

PADPATH =  C:/Users/andre/Desktop/Ese_Group18/Orcad_Workspace/workspace/libraries/footprints 
           . 
           symbols 
           .. 
           ../symbols 
           C:/Cadence/OrCADX_25.1/share/orApps/OrCaptureApp/../../../share/local/pcb/padstacks 
           C:/Cadence/OrCADX_25.1/share/orApps/OrCaptureApp/../../../share/pcb/pcb_lib/symbols 
           C:/Cadence/OrCADX_25.1/share/orApps/OrCaptureApp/../../../share/pcb/allegrolib/symbols 
           C:/Users/andre/AppData/Roaming/SPB_Data/cdssetup/OrCAD_Capture/25.1.0/downloaded_parts/allegropcb 


------ Summary Statistics ------


#2   Run stopped because errors were detected

netrev run on Jun 4 11:21:06 2026
   DESIGN NAME : 'SO1L'
   PACKAGING ON Mar 25 2026 22:25:38

   COMPILE 'logic'
   CHECK_PIN_NAMES OFF
   CROSS_REFERENCE OFF
   FEEDBACK OFF
   INCREMENTAL OFF
   INTERFACE_TYPE PHYSICAL
   MAX_ERRORS 500
   MERGE_MINIMUM 5
   NET_NAME_CHARS '#%&()*+-./:=>?@[]^_`|'
   NET_NAME_LENGTH 24
   OVERSIGHTS ON
   REPLACE_CHECK OFF
   SINGLE_NODE_NETS ON
   SPLIT_MINIMUM 0
   SUPPRESS   20
   WARNINGS ON

  2 errors detected
 No oversight detected
 No warning detected

cpu time      0:01:48
elapsed time  0:00:00

