(---------------------------------------------------------------------)
(                                                                     )
(    QUICKPLACE LOG                                                   )
(                                                                     )
(    Drawing          : SO1L.brd                                      )
(    Software Version : 25.1S030                                      )
(    Date/Time        : Thu Aug 13 17:08:33 2026                      )
(                                                                     )
(---------------------------------------------------------------------)



Placing page "1"
	ERROR:   Could not find symbol:  C10 / C_CK05_1 UF / CK05
	ERROR:   Could not find symbol:  C11 / C_CK05_12 PF / CK05
	ERROR:   Could not find symbol:  C12 / C_CK05_12 PF / CK05
	ERROR:   Could not find symbol:  C13 / CAPACITOR_MF_0402_SMD_CAPACITOR_100 NF / MF_0402_SMD_CAPACITOR
	ERROR:   Could not find symbol:  C2 / C_CK05_100 NF / CK05
	ERROR:   Could not find symbol:  C3 / C_CK05_100 NF / CK05
	ERROR:   Could not find symbol:  C5 / C_CK05_100 NF / CK05
	ERROR:   Could not find symbol:  C7 / C_CK05_100 NF / CK05
	ERROR:   Could not find symbol:  C8 / C_CK05_100 NF / CK05
	ERROR:   Could not find symbol:  C4 / C_CK05_10 UF / CK05
	ERROR:   Could not find symbol:  C6 / C_CK05_10 UF / CK05
	ERROR:   Could not find symbol:  L2 / B82422-A1103-J/EPC_INDC3225X135N_10 UH / INDC3225X135N
	ERROR:   Could not find symbol:  Y1 / TXS-3225_TSX-3225_24MHZ_24 MHZ / TSX-3225_24MHZ
	ERROR:   Could not find symbol:  Y2 / FC-135R_0_C-135R_32.768KHZ / C-135R
	ERROR:   Could not find symbol:  C1 / C_CK05_DNM / CK05
	ERROR:   Could not find symbol:  C9 / C_CK05_DNM / CK05

Placing page "2"
	ERROR:   Could not find symbol:  C14 / CAPACITOR_MF_0402_SMD_CAPACITOR_12 PF / MF_0402_SMD_CAPACITOR
	ERROR:   Could not find symbol:  C15 / CAPACITOR_MF_0402_SMD_CAPACITOR_1.2 PF / MF_0402_SMD_CAPACITOR
	ERROR:   Could not find symbol:  C16 / CAPACITOR_MF_0402_SMD_CAPACITOR_1.2 PF / MF_0402_SMD_CAPACITOR
	ERROR:   Could not find symbol:  CON1 / FTSH-105-01-F-DV_FTSH-105-01-F-DV_FTSH-105-01-F-DV / FTSH-105-01-F-DV
	ERROR:   Could not find symbol:  L3 / B82422-A1103-J/EPC_INDC3225X135N_15 NH / INDC3225X135N
	ERROR:   Could not find symbol:  L4 / B82422-A1103-J/EPC_INDC3225X135N_2 NH / INDC3225X135N
	ERROR:   Could not find symbol:  LED1 / LED_MF_0603_SMD_LED_GREEN LED / MF_0603_SMD_LED
	ERROR:   Could not find symbol:  LED2 / LED_MF_0603_SMD_LED_RED LED / MF_0603_SMD_LED
	ERROR:   Could not find symbol:  R4 / RESISTOR_MF_0402_SMD_RESISTOR_680 OHM / MF_0402_SMD_RESISTOR
	ERROR:   Could not find symbol:  R5 / RESISTOR_MF_0402_SMD_RESISTOR_680 OHM / MF_0402_SMD_RESISTOR
	ERROR:   Could not find symbol:  R6 / RESISTOR_MF_0402_SMD_RESISTOR_270 OHM / MF_0402_SMD_RESISTOR
	ERROR:   Could not find symbol:  SW1 / SWITCHBUTTON_KSS341GLFS_TS14-1212-60-BK-260-SCR-D / KSS341GLFS
	ERROR:   Could not find symbol:  A1 / ANTEENA_AN043_FLIP_ANTENNA / AN043_FLIP

Placing page "3"
	ERROR:   Could not find symbol:  J3 / 1054550101_CONN_1054550101_MOL_1054550101 / CONN_1054550101_MOL
	ERROR:   Cannot place symbol:  U3 / TPS62177DQCR_2_DQC0010A_VOLTAGE REGULATOR / DQC0010A
		 due to ERROR(SPMHGE-82): Pin numbers do not match between symbol and component. Run dev_check on device file for more information.

Placing page "4"
	ERROR:   Could not find symbol:  J5 / 1729128_1729128_1729128 / 1729128
	ERROR:   Could not find symbol:  U4 / DK1A-3V-F_0_RELAY_DK1A_PAN_RELAY / RELAY_DK1A_PAN

Placed 0 of 33 symbols.
